// Jest Snapshot v1, https://goo.gl/fbAQLP

exports[`<RegisterForm /> 1`] = `
<View
  style={
    Object {
      "alignItems": "stretch",
      "alignSelf": "stretch",
      "backgroundColor": "#F9F9F9",
      "flex": 1,
      "justifyContent": "center",
    }
  }
>
  <View
    style={
      Object {
        "height": 35,
      }
    }
  />
  <View
    style={
      Object {
        "flexDirection": "row",
        "justifyContent": "flex-end",
        "marginBottom": 25,
        "marginRight": 25,
      }
    }
  >
    <View
      accessibilityComponentType={undefined}
      accessibilityLabel={undefined}
      accessibilityTraits={undefined}
      accessible={true}
      hasTVPreferredFocus={undefined}
      hitSlop={undefined}
      isTVSelectable={true}
      nativeID={undefined}
      onLayout={undefined}
      onResponderGrant={[Function]}
      onResponderMove={[Function]}
      onResponderRelease={[Function]}
      onResponderTerminate={[Function]}
      onResponderTerminationRequest={[Function]}
      onStartShouldSetResponder={[Function]}
      style={
        Array [
          Object {
            "backgroundColor": "transparent",
          },
          Array [
            Object {
              "borderColor": "#B8B8B8",
              "borderRadius": 25,
              "borderWidth": 1,
            },
          ],
        ]
      }
      testID={undefined}
      tvParallaxProperties={undefined}
    >
      <Text
        accessible={true}
        allowFontScaling={true}
        disabled={false}
        ellipsizeMode="tail"
        style={
          Object {
            "color": "#B8B8B8",
            "fontSize": 16,
            "marginBottom": 4,
            "marginLeft": 10,
            "marginRight": 10,
            "marginTop": 4,
            "textAlign": "center",
          }
        }
      >
        log in
      </Text>
    </View>
  </View>
  <View
    style={
      Object {
        "alignItems": "center",
        "flex": 1,
        "flexDirection": "column",
      }
    }
  >
    <Image
      source={1}
    />
    <View
      style={
        Object {
          "height": 20,
        }
      }
    />
  </View>
</View>
`;
