// Jest Snapshot v1, https://goo.gl/fbAQLP

exports[`<Card /> 1`] = `
<View
  style={
    Object {
      "alignItems": "center",
      "justifyContent": "center",
    }
  }
>
  <View
    style={
      Object {
        "height": 20,
      }
    }
  />
  <View
    style={
      Object {
        "alignItems": "center",
        "backgroundColor": "#F5F5F5",
        "borderColor": "#B8B8B8",
        "borderRadius": 10,
        "borderWidth": 1,
        "flexDirection": "column",
        "height": 933.8,
        "justifyContent": "flex-end",
        "width": 637.5,
      }
    }
  >
    <View
      style={
        Object {
          "alignItems": "center",
          "flexDirection": "row",
          "justifyContent": "space-between",
          "width": "82%",
        }
      }
    >
      <View
        style={
          Array [
            Object {
              "alignItems": "center",
              "justifyContent": "center",
            },
            Object {
              "borderRadius": 45,
              "height": 90,
              "width": 90,
            },
          ]
        }
      >
        <Image
          source={1}
          style={
            Array [
              Object {
                "borderColor": "grey",
                "borderWidth": 1,
              },
              Object {
                "borderRadius": 45,
                "height": 90,
                "width": 90,
              },
            ]
          }
        />
      </View>
      <View
        style={
          Object {
            "alignItems": "flex-start",
            "flex": 0.85,
            "flexDirection": "column",
            "justifyContent": "center",
          }
        }
      >
        <Text
          accessible={true}
          allowFontScaling={true}
          disabled={false}
          ellipsizeMode="tail"
        >
          @tannerLemon
        </Text>
        <Text
          accessible={true}
          allowFontScaling={true}
          disabled={false}
          ellipsizeMode="tail"
        >
          Simple Logo
        </Text>
        <Text
          accessible={true}
          allowFontScaling={true}
          disabled={false}
          ellipsizeMode="tail"
        >
          Icons
        </Text>
      </View>
    </View>
    <View
      style={
        Object {
          "alignItems": "center",
          "borderColor": "#27496B",
          "borderWidth": 2,
          "flexDirection": "column",
          "height": "58.5%",
          "justifyContent": "flex-end",
          "marginBottom": 10,
          "marginTop": 10,
          "width": "75%",
        }
      }
    >
      <View
        style={
          Object {
            "borderTopColor": "#27496B",
            "borderTopWidth": 2,
            "height": "25%",
            "width": "100%",
          }
        }
      />
    </View>
    <View
      style={
        Object {
          "alignItems": "center",
          "borderTopColor": "#B8B8B8",
          "borderTopWidth": 1,
          "flexDirection": "row",
          "height": "14.3%",
          "justifyContent": "space-between",
          "width": "100%",
        }
      }
    >
      <View
        style={
          Object {
            "alignItems": "flex-start",
            "flex": 1,
            "flexDirection": "column",
            "marginLeft": 20,
          }
        }
      >
        <View
          accessibilityComponentType={undefined}
          accessibilityLabel={undefined}
          accessibilityTraits={undefined}
          accessible={true}
          collapsable={undefined}
          hitSlop={undefined}
          isTVSelectable={true}
          nativeID={undefined}
          onLayout={undefined}
          onResponderGrant={[Function]}
          onResponderMove={[Function]}
          onResponderRelease={[Function]}
          onResponderTerminate={[Function]}
          onResponderTerminationRequest={[Function]}
          onStartShouldSetResponder={[Function]}
          style={
            Object {
              "opacity": 1,
            }
          }
          testID={undefined}
          tvParallaxProperties={undefined}
        >
          <Text
            accessible={true}
            allowFontScaling={false}
            disabled={false}
            ellipsizeMode="tail"
            style={
              Array [
                Object {
                  "color": "#B8B8B8",
                  "fontSize": 38,
                },
                undefined,
                Object {
                  "fontFamily": "Octicons",
                  "fontStyle": "normal",
                  "fontWeight": "normal",
                },
              ]
            }
          >
            
          </Text>
        </View>
      </View>
      <View
        accessibilityComponentType={undefined}
        accessibilityLabel={undefined}
        accessibilityTraits={undefined}
        accessible={true}
        collapsable={undefined}
        hitSlop={undefined}
        isTVSelectable={true}
        nativeID={undefined}
        onLayout={undefined}
        onResponderGrant={[Function]}
        onResponderMove={[Function]}
        onResponderRelease={[Function]}
        onResponderTerminate={[Function]}
        onResponderTerminationRequest={[Function]}
        onStartShouldSetResponder={[Function]}
        style={
          Object {
            "borderColor": "#DFBA00",
            "borderRadius": 100,
            "borderWidth": 4,
            "height": 42,
            "opacity": 1,
            "width": 42,
          }
        }
        testID={undefined}
        tvParallaxProperties={undefined}
      />
      <View
        style={
          Object {
            "alignItems": "flex-end",
            "flex": 1,
            "flexDirection": "column",
            "marginRight": 20,
          }
        }
      >
        <View
          accessibilityComponentType={undefined}
          accessibilityLabel={undefined}
          accessibilityTraits={undefined}
          accessible={true}
          collapsable={undefined}
          hitSlop={undefined}
          isTVSelectable={true}
          nativeID={undefined}
          onLayout={undefined}
          onResponderGrant={[Function]}
          onResponderMove={[Function]}
          onResponderRelease={[Function]}
          onResponderTerminate={[Function]}
          onResponderTerminationRequest={[Function]}
          onStartShouldSetResponder={[Function]}
          style={
            Object {
              "opacity": 1,
            }
          }
          testID={undefined}
          tvParallaxProperties={undefined}
        >
          <Text
            accessible={true}
            allowFontScaling={false}
            disabled={false}
            ellipsizeMode="tail"
            style={
              Array [
                Object {
                  "color": "#27496B",
                  "fontSize": 38,
                },
                undefined,
                Object {
                  "fontFamily": "Octicons",
                  "fontStyle": "normal",
                  "fontWeight": "normal",
                },
              ]
            }
          >
            
          </Text>
        </View>
      </View>
    </View>
  </View>
</View>
`;
