// Jest Snapshot v1, https://goo.gl/fbAQLP

exports[`<ChatPreview /> 1`] = `
<View
  accessibilityComponentType={undefined}
  accessibilityLabel={undefined}
  accessibilityTraits={undefined}
  accessible={true}
  collapsable={undefined}
  hitSlop={undefined}
  isTVSelectable={true}
  nativeID={undefined}
  onLayout={undefined}
  onResponderGrant={[Function]}
  onResponderMove={[Function]}
  onResponderRelease={[Function]}
  onResponderTerminate={[Function]}
  onResponderTerminationRequest={[Function]}
  onStartShouldSetResponder={[Function]}
  style={
    Object {
      "alignItems": "center",
      "backgroundColor": "#F9F9F9",
      "borderBottomColor": "#B8B8B8",
      "borderBottomWidth": 1,
      "flexDirection": "row",
      "height": "15%",
      "justifyContent": "space-around",
      "opacity": 1,
      "width": "100%",
    }
  }
  testID={undefined}
  tvParallaxProperties={undefined}
>
  <View
    style={
      Object {
        "alignItems": "center",
        "flexDirection": "column",
        "justifyContent": "center",
        "width": "20%",
      }
    }
  >
    <View
      style={
        Array [
          Object {
            "alignItems": "center",
            "justifyContent": "center",
          },
          Object {
            "borderRadius": 26,
            "height": 52,
            "width": 52,
          },
        ]
      }
    >
      <Image
        source={
          Object {
            "testUri": "../../../src/images/tradeLeafIcon.png",
          }
        }
        style={
          Array [
            Object {
              "borderColor": "#B8B8B8",
              "borderWidth": 1,
            },
            Object {
              "borderRadius": 26,
              "height": 52,
              "width": 52,
            },
          ]
        }
      />
    </View>
  </View>
  <View
    style={
      Object {
        "width": "70%",
      }
    }
  >
    <View
      style={
        Object {
          "flexDirection": "row",
          "justifyContent": "space-between",
          "marginBottom": "2%",
        }
      }
    >
      <Text
        accessible={true}
        allowFontScaling={true}
        ellipsizeMode="tail"
      >
        <Text
          accessible={true}
          allowFontScaling={true}
          ellipsizeMode="tail"
          style={
            Object {
              "color": "#27496B",
              "fontWeight": "bold",
            }
          }
        >
           
        </Text>
        <Text
          accessible={true}
          allowFontScaling={true}
          ellipsizeMode="tail"
          style={
            Object {
              "color": "#B8B8B8",
            }
          }
        >
           @
        </Text>
      </Text>
    </View>
  </View>
</View>
`;
